app/admin/portal/audit/page.tsx(12,3): error TS6133: 'ChevronLeft' is declared but its value is never read.
app/admin/portal/audit/page.tsx(17,3): error TS6133: 'RefreshCcw' is declared but its value is never read.
app/admin/portal/page.tsx(10,3): error TS6133: 'MapPin' is declared but its value is never read.
app/management/dashboard/page.tsx(38,74): error TS6133: 'distributions' is declared but its value is never read.
app/management/distributions/page.tsx(6,46): error TS6133: 'X' is declared but its value is never read.
components/admin/ListahanTab.tsx(3,51): error TS6133: 'XCircle' is declared but its value is never read.
components/admin/RegisterTab.tsx(4,32): error TS6133: 'UserPlus' is declared but its value is never read.
components/admin/VerifyTab.tsx(7,34): error TS6196: 'FraudFlag' is declared but never used.
components/admin/VerifyTab.tsx(8,1): error TS6133: 'cn' is declared but its value is never read.
